// Jest Snapshot v1, https://goo.gl/fbAQLP

exports[`should return the correct info 1`] = `
Object {
  "externals": Array [
    Object {
      "global": "Handlebars",
      "name": "handlebars",
      "url": "https://unpkg.com/handlebars@4.1.2/dist/handlebars.runtime.min.js",
    },
  ],
  "type": "oc-template-handlebars",
}
`;
