// Jest Snapshot v1, https://goo.gl/fbAQLP

exports[`valid component 1`] = `
Object {
  "template": Object {
    "hashKey": "aeb102461ab63a924d5cfc368829bd90d88be6ad",
    "src": "template.js",
    "type": "oc-template-es6",
  },
}
`;

exports[`valid component 2`] = `"var oc=oc||{};oc.components=oc.components||{};oc.components['aeb102461ab63a924d5cfc368829bd90d88be6ad']=function(model){ var template = (function(a){function b(d){if(c[d])return c[d].exports;var e=c[d]={i:d,l:!1,exports:{}};return a[d].call(e.exports,e,e.exports,b),e.l=!0,e.exports}var c={};return b.m=a,b.c=c,b.d=function(a,c,d){b.o(a,c)||Object.defineProperty(a,c,{configurable:!1,enumerable:!0,get:d})},b.r=function(a){Object.defineProperty(a,'__esModule',{value:!0})},b.n=function(a){var c=a&&a.__esModule?function(){return a['default']}:function(){return a};return b.d(c,'a',c),c},b.o=function(a,b){return Object.prototype.hasOwnProperty.call(a,b)},b.p='',b(b.s=1)})([function(a){a.exports={awesome:'awesome__p4GK2pPl'}},function(a,b,c){'use strict';c.r(b);var d=c(0),e=c.n(d);b['default']=function(a){var b=a.name;return'<div class='+e.a.awesome+'>Hello '+b.toUpperCase()+'!</div>'}}]);; return '' + template.default(model) + '<style>.awesome__p4GK2pPl{font-family:\\"Hiragino Sans\\",\\"ヒラギノ角ゴシック\\",\\"Hiragino Kaku Gothic ProN\\",\\"ヒラギノ角ゴ ProN W3\\",Roboto,\\"Droid Sans\\",\\"游ゴシック\\",YuGothic,\\"メイリオ\\",Meiryo,sans-serif;background:#db7093}</style><script>window.oc = window.oc || {};oc.cmd = oc.cmd || [];oc.cmd.push(function(oc){oc.events.fire(\\\\'oc:cssDidMount\\\\', \\\\'.awesome__p4GK2pPl{font-family:\\"Hiragino Sans\\",\\"ヒラギノ角ゴシック\\",\\"Hiragino Kaku Gothic ProN\\",\\"ヒラギノ角ゴ ProN W3\\",Roboto,\\"Droid Sans\\",\\"游ゴシック\\",YuGothic,\\"メイリオ\\",Meiryo,sans-serif;background:#db7093}\\\\');});</script>' }"`;
