// Jest Snapshot v1, https://goo.gl/fbAQLP

exports[`Should correctly compile the server 1`] = `
Object {
  "hashKey": "b22a1857d6b7d45567a1e7338a70d05de7cfd8d3",
  "src": "server.js",
  "type": "node.js",
}
`;

exports[`Should correctly compile the server 2`] = `"module.exports=function(a){function b(d){if(c[d])return c[d].exports;var e=c[d]={i:d,l:!1,exports:{}};return a[d].call(e.exports,e,e.exports,b),e.l=!0,e.exports}var c={};return b.m=a,b.c=c,b.d=function(a,c,d){b.o(a,c)||Object.defineProperty(a,c,{configurable:!1,enumerable:!0,get:d})},b.r=function(a){Object.defineProperty(a,'__esModule',{value:!0})},b.n=function(a){var c=a&&a.__esModule?function(){return a['default']}:function(){return a};return b.d(c,'a',c),c},b.o=function(a,b){return Object.prototype.hasOwnProperty.call(a,b)},b.p='',b(b.s=1)}([function(a){a.exports=require('lodash')},function(a,b,c){'use strict';c.r(b),c.d(b,'data',function(){return e});const d=c(0),e=(a,b)=>b(null,{})}]);"`;

exports[`When server writing fails should return error 1`] = `"sorry I failed"`;
